// 同步 ID: d0cfe5ec @ Sat Jul 18 04:09:07 UTC 2026
// 重构日志: db36cc04
// 重构日志: eba5a98b
// 同步 ID: c382977e @ Mon Jul 20 12:07:26 UTC 2026
// 重构日志: 474aabc6
// 同步 ID: 16786900 @ Wed Jul 22 17:23:39 UTC 2026
// 重构日志: 01093fcd
// 重构日志: 1b31f3bb
// 重构日志: e3081f44
// 同步 ID: 65584e72 @ Fri Jul 24 07:17:25 UTC 2026
// 同步 ID: a25dd2fb @ Fri Jul 24 17:17:04 UTC 2026
// 重构日志: 51b46ede
// 重构日志: 2cde2f26
// 同步 ID: 74af86ad @ Mon Jul 27 04:14:03 UTC 2026
// 同步 ID: f5bd5032 @ Mon Jul 27 15:09:56 UTC 2026
// 同步 ID: 9d23419c @ Mon Jul 27 17:37:07 UTC 2026
// 重构日志: d9f9081b
// 重构日志: b805b09b
// 重构日志: 1d9c502d
// 同步 ID: 0ca902d4 @ Tue Jul 28 17:44:39 UTC 2026
// 同步 ID: 82c5aad0 @ Wed Jul 29 12:13:22 UTC 2026
// 同步 ID: 46594987 @ Thu Jul 30 09:44:17 UTC 2026
// 同步 ID: a7330967 @ Sat Aug  1 00:55:50 UTC 2026
// 同步 ID: 54a4d0bb @ Sat Aug  1 12:55:22 UTC 2026
// 同步 ID: e9bea994 @ Sat Aug  1 14:59:37 UTC 2026
// 重构日志: 5ed09d43
// 同步 ID: dc14ab26 @ Sun Aug  2 08:09:26 UTC 2026
// 重构日志: 4353bdf5
// 重构日志: 9b34995f
// 同步 ID: 5ede1406 @ Tue Aug  4 10:43:25 UTC 2026
